administrator (1.5s)
  ✓   2 tests/queue-operations.spec.ts:174:1 › running and queued jobs can be inspected, linked, and cooperatively cancelled (8.3s)
  ✓   3 tests/queue-operations.spec.ts:241:1 › enqueue validation rejects invalid work before returning receipts (1.3s)
  ✓   4 tests/queue-operations.spec.ts:259:1 › retry-pending work remains visible and recovers on its next attempt (7.5s)
  ✓   5 tests/queue-operations.spec.ts:284:1 › dead letters expose payload and original failure, then single and bulk replay return completed new jobs (14.2s)
  ✓   6 tests/queue-operations.spec.ts:354:1 › flush asks for confirmation and preserves failed job history (6.4s)
  ✓   7 tests/queue-operations.spec.ts:399:1 › individual purge removes only the selected record and individual retry preserves the original failure (15.2s)
  ✓   8 tests/queue-operations.spec.ts:492:1 › both jobs sharing a bank lock complete and publish events across processes (10.3s)
  ✓   9 tests/queue-operations.spec.ts:524:1 › pagination, queue filtering, stale-data errors, and mobile layout remain usable (17.1s)
  ✓  10 tests/queue-operations.spec.ts:600:1 › display labels support search and navigation while queue identities stay unchanged (2.4s)
  ✓  11 tests/queue-operations.spec.ts:693:1 › queue details isolate statistics, preserve navigation, and return to dead letters after sign-in (7.7s)
  ✓  12 tests/queue-operations.spec.ts:913:1 › legacy queue links redirect and unavailable statistics are distinct from zero and missing queues (1.7s)
  ✓  13 tests/queue-operations.spec.ts:964:1 › dashboard filters operational issues and keeps sample work on Try it (2.5s)
  ✓  14 tests/queue-operations.spec.ts:1110:1 › hourly histogram shows three distinct series with pointer and keyboard inspection (1.6s)
  ✓  15 tests/queue-refresh.spec.ts:129:3 › dashboard background updates retain controls, focus, and DOM while reads are slow (4.0s)
  ✓  16 tests/queue-refresh.spec.ts:129:3 › overview background updates retain controls, focus, and DOM while reads are slow (3.6s)
  ✓  17 tests/queue-refresh.spec.ts:129:3 › jobs background updates retain controls, focus, and DOM while reads are slow (4.0s)
  ✓  18 tests/queue-refresh.spec.ts:129:3 › dead-letters background updates retain controls, focus, and DOM while reads are slow (4.1s)
  ✓  19 tests/queue-refresh.spec.ts:214:1 › retry removes the selected row before inspection completes and distinguishes a newly failed retry (1.1s)
  ✓  20 tests/queue-refresh.spec.ts:272:1 › zero or failed replay keeps the selected record visible (1.2s)
  ✓  21 tests/queue-refresh.spec.ts:300:1 › manual refresh during a poll coalesces reads and preserves an open job inspector (8.8s)
  ✓  22 tests/queue-refresh.spec.ts:348:1 › rapid job filters retain the previous view until the latest response and ignore stale results (1.4s)
  ✓  23 tests/queue-refresh.spec.ts:396:1 › real transport removes the retried dead letter and identifies the new failure (9.6s)

  23 passed (2.3m)

