  Determining projects to restore...
  Restored /tmp/mediator-core-alternative/.dependencies/Foundatio/src/Foundatio/Foundatio.csproj (in 1.11 sec).
  Restored /tmp/mediator-core-alternative/.dependencies/Foundatio/src/Foundatio.Testing/Foundatio.Testing.csproj (in 1.11 sec).
  Restored /tmp/mediator-core-alternative/samples/DistributedConsoleSample/DistributedConsoleSample.csproj (in 1.11 sec).
  Restored /tmp/mediator-core-alternative/samples/CleanArchitectureSample/src/ServiceDefaults/ServiceDefaults.csproj (in 1.11 sec).
  Restored /tmp/mediator-core-alternative/src/Foundatio.Mediator.Distributed/Foundatio.Mediator.Distributed.csproj (in 1.11 sec).
  Restored /tmp/mediator-core-alternative/.dependencies/Foundatio/src/Foundatio.Aws/Foundatio.Aws.csproj (in 1.11 sec).
  Restored /tmp/mediator-core-alternative/samples/CleanArchitectureSample/src/Common.Module/Common.Module.csproj (in 1.11 sec).
  Restored /tmp/mediator-core-alternative/.dependencies/Foundatio/src/Foundatio.Redis/Foundatio.Redis.csproj (in 1.11 sec).
  Restored /tmp/mediator-core-alternative/samples/CleanArchitectureSample/src/Orders.Module/Orders.Module.csproj (in 1.11 sec).
  Restored /tmp/mediator-core-alternative/samples/CleanArchitectureSample/src/Products.Module/Products.Module.csproj (in 1.11 sec).
  Restored /tmp/mediator-core-alternative/tests/Foundatio.Mediator.Distributed.Tests/Foundatio.Mediator.Distributed.Tests.csproj (in 1.12 sec).
  Restored /tmp/mediator-core-alternative/benchmarks/Foundatio.Mediator.Distributed.Benchmarks/Foundatio.Mediator.Distributed.Benchmarks.csproj (in 1.11 sec).
  Restored /tmp/mediator-core-alternative/samples/CleanArchitectureSample/src/Reports.Module/Reports.Module.csproj (in 1.11 sec).
  Restored /tmp/mediator-core-alternative/samples/CleanArchitectureSample/src/Api/Api.csproj (in 1.11 sec).
  7 of 21 projects are up-to-date for restore.
  Foundatio.Mediator.Abstractions -> /tmp/mediator-core-alternative/src/Foundatio.Mediator.Abstractions/bin/Release/netstandard2.0/Foundatio.Mediator.Abstractions.dll
  Foundatio.Mediator.CodeFixes -> /tmp/mediator-core-alternative/src/Foundatio.Mediator.CodeFixes/bin/Release/netstandard2.0/Foundatio.Mediator.CodeFixes.dll
  Foundatio.Mediator -> /tmp/mediator-core-alternative/src/Foundatio.Mediator/bin/Release/netstandard2.0/Foundatio.Mediator.dll
  Foundatio.Mediator.Tests -> /tmp/mediator-core-alternative/tests/Foundatio.Mediator.Tests/bin/Release/net10.0/Foundatio.Mediator.Tests.dll
  ConsoleSample -> /tmp/mediator-core-alternative/samples/ConsoleSample/bin/Release/net10.0/ConsoleSample.dll
  Foundatio.Mediator.Benchmarks -> /tmp/mediator-core-alternative/benchmarks/Foundatio.Mediator.Benchmarks/bin/Release/net10.0/Foundatio.Mediator.Benchmarks.dll
  Foundatio -> /tmp/mediator-core-alternative/.dependencies/Foundatio/src/Foundatio/bin/Release/net10.0/Foundatio.dll
  Foundatio.Mediator.Distributed -> /tmp/mediator-core-alternative/src/Foundatio.Mediator.Distributed/bin/Release/net10.0/Foundatio.Mediator.Distributed.dll
  Foundatio.Testing -> /tmp/mediator-core-alternative/.dependencies/Foundatio/src/Foundatio.Testing/bin/Release/net10.0/Foundatio.Testing.dll
  Foundatio.Redis -> /tmp/mediator-core-alternative/.dependencies/Foundatio/src/Foundatio.Redis/bin/Release/net10.0/Foundatio.Redis.dll
  Foundatio.Aws -> /tmp/mediator-core-alternative/.dependencies/Foundatio/src/Foundatio.Aws/bin/Release/net10.0/Foundatio.Aws.dll
  Foundatio -> /tmp/mediator-core-alternative/.dependencies/Foundatio/src/Foundatio/bin/Debug/net10.0/Foundatio.dll
  DistributedConsoleSample -> /tmp/mediator-core-alternative/samples/DistributedConsoleSample/bin/Release/net10.0/DistributedConsoleSample.dll
  ServiceDefaults -> /tmp/mediator-core-alternative/samples/CleanArchitectureSample/src/ServiceDefaults/bin/Release/net10.0/ServiceDefaults.dll
  Foundatio.Mediator.Distributed.Benchmarks -> /tmp/mediator-core-alternative/benchmarks/Foundatio.Mediator.Distributed.Benchmarks/bin/Release/net10.0/Foundatio.Mediator.Distributed.Benchmarks.dll
  Foundatio.Mediator.Distributed.Tests -> /tmp/mediator-core-alternative/tests/Foundatio.Mediator.Distributed.Tests/bin/Release/net10.0/Foundatio.Mediator.Distributed.Tests.dll
  Common.Module -> /tmp/mediator-core-alternative/samples/CleanArchitectureSample/src/Common.Module/bin/Release/net10.0/Common.Module.dll
  Products.Module -> /tmp/mediator-core-alternative/samples/CleanArchitectureSample/src/Products.Module/bin/Release/net10.0/Products.Module.dll
  Orders.Module -> /tmp/mediator-core-alternative/samples/CleanArchitectureSample/src/Orders.Module/bin/Release/net10.0/Orders.Module.dll
  Reports.Module -> /tmp/mediator-core-alternative/samples/CleanArchitectureSample/src/Reports.Module/bin/Release/net10.0/Reports.Module.dll
  Api -> /tmp/mediator-core-alternative/samples/CleanArchitectureSample/src/Api/bin/Release/net10.0/Api.dll
  AppHost -> /tmp/mediator-core-alternative/samples/CleanArchitectureSample/src/AppHost/bin/Release/net10.0/AppHost.dll

Build succeeded.
    0 Warning(s)
    0 Error(s)

Time Elapsed 00:00:12.54
